// Jest Snapshot v1, https://goo.gl/fbAQLP

exports[`DataProviderService should parse raw data to DM on getDataBySearchKey 1`] = `
Object {
  "items": Array [
    Object {
      "accepted_answer_id": 2185331,
      "answer_count": 18,
      "creation_date": 1265125450,
      "is_answered": true,
      "last_activity_date": 1531875383,
      "last_edit_date": 1368373305,
      "link": "https://stackoverflow.com/questions/2185320/how-to-enable-php-short-tags",
      "owner": Object {
        "accept_rate": 87,
        "display_name": "seedg",
        "link": "https://stackoverflow.com/users/213689/seedg",
        "profile_image": "https://www.gravatar.com/avatar/65f0120102850ccf148ab0de3287ebb1?s=128&d=identicon&r=PG",
        "reputation": 16829,
        "user_id": 213689,
        "user_type": "registered",
      },
      "protected_date": 1408897359,
      "question_id": 2185320,
      "score": 284,
      "tags": Array [
        "php",
        "tags",
        "php-shorttags",
      ],
      "title": "How to enable PHP short tags?",
      "view_count": 476969,
    },
    Object {
      "accepted_answer_id": 8851526,
      "answer_count": 23,
      "creation_date": 1281373643,
      "is_answered": true,
      "last_activity_date": 1547693789,
      "last_edit_date": 1507918844,
      "link": "https://stackoverflow.com/questions/3442394/using-text-to-retrieve-only-text-not-nested-in-child-tags",
      "owner": Object {
        "accept_rate": 65,
        "display_name": "MegaMatt",
        "link": "https://stackoverflow.com/users/209113/megamatt",
        "profile_image": "https://i.stack.imgur.com/R8ORs.jpg?s=128&g=1",
        "reputation": 9624,
        "user_id": 209113,
        "user_type": "registered",
      },
      "question_id": 3442394,
      "score": 327,
      "tags": Array [
        "jquery",
        "text",
        "tags",
      ],
      "title": "Using .text() to retrieve only text not nested in child tags",
      "view_count": 138923,
    },
  ],
}
`;
